com\rk\otp\servers\FastSmsServer.class
com\rk\otp\servers\Data.class
com\rk\otp\recharge\service\impl\OrderDetailsServiceImpl.class
com\rk\otp\controller\RegistrationController.class
com\rk\otp\controller\AdminController.class
com\rk\otp\controller\APIController.class
com\rk\otp\service\impl\ServerKeysServiceImpl.class
com\rk\otp\controller\RechargeController.class
com\rk\otp\controller\UserController.class
com\rk\otp\config\SecurityConfig.class
com\rk\otp\tasks\CodeNumberTasks.class
com\rk\otp\auth\filter\SecurityFilter$2.class
com\rk\otp\service\ServerBalanceService.class
com\rk\otp\db\backup\service\BackupServiceImpl.class
com\rk\otp\recharge\service\OrderDetailsService.class
com\rk\otp\recharge\service\impl\PaymentServiceImpl.class
com\rk\otp\service\impl\ServicesServiceImpl.class
com\rk\otp\validation\utility\Utility.class
com\rk\otp\recharge\model\OrderRequest.class
com\rk\otp\service\CodeNumberService.class
com\rk\otp\db\backup\service\BackupService.class
com\rk\otp\service\impl\ServerCostPercServiceImpl.class
com\rk\otp\auth\filter\SecurityFilter$1.class
com\rk\otp\tasks\ClearDbTasks.class
com\rk\otp\controller\AppController.class
com\rk\otp\tasks\RechargeTask.class
com\rk\otp\controller\CheckRegistrationStatusController.class
com\rk\otp\recharge\model\OrderResponse$OrderResponseBuilder.class
com\rk\otp\recharge\model\OrderResponse.class
com\rk\otp\validation\service\CheckRegistrationStatusService.class
com\rk\otp\service\CodeNumberArchiveService.class
com\rk\otp\servers\SmsActivateServer.class
com\rk\otp\recharge\entity\OrderDetails.class
com\rk\otp\recharge\service\RechargeService.class
com\rk\otp\service\ServerKeysService.class
com\rk\otp\servers\SmsBowerServer.class
com\rk\otp\service\impl\UserServiceImpl.class
com\rk\otp\validation\service\CheckRegistrationStatusServiceImpl.class
com\rk\otp\service\OtpService.class
com\rk\otp\service\UsersOtpHistoryService.class
com\rk\otp\recharge\service\PaymentService.class
com\rk\otp\controller\AuthenticationController.class
com\rk\otp\config\AppConfig.class
com\rk\otp\service\impl\CodeNumberArchiveServiceImpl.class
com\rk\otp\service\impl\OtpServiceImpl.class
com\rk\otp\service\impl\MailSentFlagServiceImpl.class
com\rk\otp\tasks\OtpTasks.class
com\rk\otp\constants\AppConstants.class
com\rk\otp\service\AnnouncementService.class
com\rk\otp\auth\filter\SecurityFilter.class
com\rk\otp\controller\AppErrorController.class
com\rk\otp\service\ServicesService.class
com\rk\otp\service\ServerCostPercService.class
com\rk\otp\service\AdminService.class
com\rk\otp\service\impl\AnnouncementServiceImpl.class
com\rk\otp\service\impl\UserBalanceAuditServiceImpl.class
com\rk\otp\properties\Properties.class
com\rk\otp\service\impl\CodeNumberServiceImpl.class
com\rk\otp\tasks\BackupTasks.class
com\rk\otp\recharge\repo\OrderDetailsRepo.class
com\rk\otp\TempsmsApplication.class
com\rk\otp\utility\AppUtility.class
com\rk\otp\service\UserService.class
com\rk\otp\service\UserBalanceAuditService.class
com\rk\otp\controller\OtpController.class
com\rk\otp\validation\service\RegistrationStatusService.class
com\rk\otp\servers\GrizzlySmsServer.class
com\rk\otp\service\MailSentFlagService.class
com\rk\otp\servers\ServerApi.class
com\rk\otp\service\impl\ServerBalanceServiceImpl.class
com\rk\otp\service\impl\UsersOtpHistoryServiceImpl.class
com\rk\otp\servers\TempNumServer.class
com\rk\otp\validation\service\RegistrationStatusServiceImpl.class
com\rk\otp\controller\PublicController.class
com\rk\otp\servers\ConstanskyServer.class
com\rk\otp\service\impl\AdminServiceImpl.class
com\rk\otp\recharge\service\impl\RechargeServiceImpl.class
com\rk\otp\recharge\model\PaytmResponse.class
