C:\git\tempsms\src\main\java\com\rk\otp\auth\filter\SecurityFilter.java
C:\git\tempsms\src\main\java\com\rk\otp\config\AppConfig.java
C:\git\tempsms\src\main\java\com\rk\otp\config\SecurityConfig.java
C:\git\tempsms\src\main\java\com\rk\otp\constants\AppConstants.java
C:\git\tempsms\src\main\java\com\rk\otp\controller\AdminController.java
C:\git\tempsms\src\main\java\com\rk\otp\controller\APIController.java
C:\git\tempsms\src\main\java\com\rk\otp\controller\AppController.java
C:\git\tempsms\src\main\java\com\rk\otp\controller\AppErrorController.java
C:\git\tempsms\src\main\java\com\rk\otp\controller\AuthenticationController.java
C:\git\tempsms\src\main\java\com\rk\otp\controller\CheckRegistrationStatusController.java
C:\git\tempsms\src\main\java\com\rk\otp\controller\OtpController.java
C:\git\tempsms\src\main\java\com\rk\otp\controller\PublicController.java
C:\git\tempsms\src\main\java\com\rk\otp\controller\RechargeController.java
C:\git\tempsms\src\main\java\com\rk\otp\controller\RegistrationController.java
C:\git\tempsms\src\main\java\com\rk\otp\controller\UserController.java
C:\git\tempsms\src\main\java\com\rk\otp\db\backup\service\BackupService.java
C:\git\tempsms\src\main\java\com\rk\otp\db\backup\service\BackupServiceImpl.java
C:\git\tempsms\src\main\java\com\rk\otp\properties\Properties.java
C:\git\tempsms\src\main\java\com\rk\otp\recharge\entity\OrderDetails.java
C:\git\tempsms\src\main\java\com\rk\otp\recharge\model\OrderRequest.java
C:\git\tempsms\src\main\java\com\rk\otp\recharge\model\OrderResponse.java
C:\git\tempsms\src\main\java\com\rk\otp\recharge\model\PaytmResponse.java
C:\git\tempsms\src\main\java\com\rk\otp\recharge\repo\OrderDetailsRepo.java
C:\git\tempsms\src\main\java\com\rk\otp\recharge\service\impl\OrderDetailsServiceImpl.java
C:\git\tempsms\src\main\java\com\rk\otp\recharge\service\impl\PaymentServiceImpl.java
C:\git\tempsms\src\main\java\com\rk\otp\recharge\service\impl\RechargeServiceImpl.java
C:\git\tempsms\src\main\java\com\rk\otp\recharge\service\OrderDetailsService.java
C:\git\tempsms\src\main\java\com\rk\otp\recharge\service\PaymentService.java
C:\git\tempsms\src\main\java\com\rk\otp\recharge\service\RechargeService.java
C:\git\tempsms\src\main\java\com\rk\otp\servers\ConstanskyServer.java
C:\git\tempsms\src\main\java\com\rk\otp\servers\Data.java
C:\git\tempsms\src\main\java\com\rk\otp\servers\FastSmsServer.java
C:\git\tempsms\src\main\java\com\rk\otp\servers\GrizzlySmsServer.java
C:\git\tempsms\src\main\java\com\rk\otp\servers\ServerApi.java
C:\git\tempsms\src\main\java\com\rk\otp\servers\SmsActivateServer.java
C:\git\tempsms\src\main\java\com\rk\otp\servers\SmsBowerServer.java
C:\git\tempsms\src\main\java\com\rk\otp\servers\TempNumServer.java
C:\git\tempsms\src\main\java\com\rk\otp\service\AdminService.java
C:\git\tempsms\src\main\java\com\rk\otp\service\AnnouncementService.java
C:\git\tempsms\src\main\java\com\rk\otp\service\CodeNumberArchiveService.java
C:\git\tempsms\src\main\java\com\rk\otp\service\CodeNumberService.java
C:\git\tempsms\src\main\java\com\rk\otp\service\impl\AdminServiceImpl.java
C:\git\tempsms\src\main\java\com\rk\otp\service\impl\AnnouncementServiceImpl.java
C:\git\tempsms\src\main\java\com\rk\otp\service\impl\CodeNumberArchiveServiceImpl.java
C:\git\tempsms\src\main\java\com\rk\otp\service\impl\CodeNumberServiceImpl.java
C:\git\tempsms\src\main\java\com\rk\otp\service\impl\MailSentFlagServiceImpl.java
C:\git\tempsms\src\main\java\com\rk\otp\service\impl\OtpServiceImpl.java
C:\git\tempsms\src\main\java\com\rk\otp\service\impl\ServerBalanceServiceImpl.java
C:\git\tempsms\src\main\java\com\rk\otp\service\impl\ServerCostPercServiceImpl.java
C:\git\tempsms\src\main\java\com\rk\otp\service\impl\ServerKeysServiceImpl.java
C:\git\tempsms\src\main\java\com\rk\otp\service\impl\ServicesServiceImpl.java
C:\git\tempsms\src\main\java\com\rk\otp\service\impl\UserBalanceAuditServiceImpl.java
C:\git\tempsms\src\main\java\com\rk\otp\service\impl\UserServiceImpl.java
C:\git\tempsms\src\main\java\com\rk\otp\service\impl\UsersOtpHistoryServiceImpl.java
C:\git\tempsms\src\main\java\com\rk\otp\service\MailSentFlagService.java
C:\git\tempsms\src\main\java\com\rk\otp\service\OtpService.java
C:\git\tempsms\src\main\java\com\rk\otp\service\ServerBalanceService.java
C:\git\tempsms\src\main\java\com\rk\otp\service\ServerCostPercService.java
C:\git\tempsms\src\main\java\com\rk\otp\service\ServerKeysService.java
C:\git\tempsms\src\main\java\com\rk\otp\service\ServicesService.java
C:\git\tempsms\src\main\java\com\rk\otp\service\UserBalanceAuditService.java
C:\git\tempsms\src\main\java\com\rk\otp\service\UserService.java
C:\git\tempsms\src\main\java\com\rk\otp\service\UsersOtpHistoryService.java
C:\git\tempsms\src\main\java\com\rk\otp\tasks\BackupTasks.java
C:\git\tempsms\src\main\java\com\rk\otp\tasks\ClearDbTasks.java
C:\git\tempsms\src\main\java\com\rk\otp\tasks\CodeNumberTasks.java
C:\git\tempsms\src\main\java\com\rk\otp\tasks\OtpTasks.java
C:\git\tempsms\src\main\java\com\rk\otp\tasks\RechargeTask.java
C:\git\tempsms\src\main\java\com\rk\otp\TempsmsApplication.java
C:\git\tempsms\src\main\java\com\rk\otp\utility\AppUtility.java
C:\git\tempsms\src\main\java\com\rk\otp\validation\service\CheckRegistrationStatusService.java
C:\git\tempsms\src\main\java\com\rk\otp\validation\service\CheckRegistrationStatusServiceImpl.java
C:\git\tempsms\src\main\java\com\rk\otp\validation\service\RegistrationStatusService.java
C:\git\tempsms\src\main\java\com\rk\otp\validation\service\RegistrationStatusServiceImpl.java
C:\git\tempsms\src\main\java\com\rk\otp\validation\utility\Utility.java
